[2026-07-10 14:52:48.711] [info] Loaded model test_AdaptedForPredSim from file C:\Users\medenaye\Documents\programs\GitHub\MSK-OC-Personalization\models\SUBJ04\SUBJ04mtu3D.osim
[2026-07-10 14:52:48.712] [warning] Couldn't find file 'sacrum.vtp'.
[2026-07-10 14:52:48.712] [warning] Couldn't find file 'pelvis.vtp'.
[2026-07-10 14:52:48.712] [warning] Couldn't find file 'l_pelvis.vtp'.
[2026-07-10 14:52:48.712] [warning] Couldn't find file 'femur_r.vtp'.
[2026-07-10 14:52:48.712] [warning] Couldn't find file 'tibia_r.vtp'.
[2026-07-10 14:52:48.712] [warning] Couldn't find file 'fibula_r.vtp'.
[2026-07-10 14:52:48.712] [warning] Couldn't find file 'talus_rv.vtp'.
[2026-07-10 14:52:48.712] [warning] Couldn't find file 'foot.vtp'.
[2026-07-10 14:52:48.713] [warning] Couldn't find file 'bofoot.vtp'.
[2026-07-10 14:52:48.713] [warning] Couldn't find file 'femur_l.vtp'.
[2026-07-10 14:52:48.713] [warning] Couldn't find file 'tibia_l.vtp'.
[2026-07-10 14:52:48.713] [warning] Couldn't find file 'fibula_l.vtp'.
[2026-07-10 14:52:48.713] [warning] Couldn't find file 'talus_lv.vtp'.
[2026-07-10 14:52:48.713] [warning] Couldn't find file 'l_foot.vtp'.
[2026-07-10 14:52:48.713] [warning] Couldn't find file 'l_bofoot.vtp'.
[2026-07-10 14:52:48.713] [warning] Couldn't find file 'hat_spine.vtp'.
[2026-07-10 14:52:48.713] [warning] Couldn't find file 'hat_jaw.vtp'.
[2026-07-10 14:52:48.713] [warning] Couldn't find file 'hat_skull.vtp'.
[2026-07-10 14:52:48.713] [warning] Couldn't find file 'hat_ribs_scap.vtp'.
[2026-07-10 14:53:04.467] [info] Loaded model test_AdaptedForPredSim from file C:\Users\medenaye\Documents\programs\GitHub\MSK-OC-Personalization\models\SUBJ04\SUBJ04opt3D.osim
[2026-07-10 14:53:04.467] [warning] Couldn't find file 'sacrum.vtp'.
[2026-07-10 14:53:04.467] [warning] Couldn't find file 'pelvis.vtp'.
[2026-07-10 14:53:04.468] [warning] Couldn't find file 'l_pelvis.vtp'.
[2026-07-10 14:53:04.468] [warning] Couldn't find file 'femur_r.vtp'.
[2026-07-10 14:53:04.468] [warning] Couldn't find file 'tibia_r.vtp'.
[2026-07-10 14:53:04.468] [warning] Couldn't find file 'fibula_r.vtp'.
[2026-07-10 14:53:04.468] [warning] Couldn't find file 'talus_rv.vtp'.
[2026-07-10 14:53:04.468] [warning] Couldn't find file 'foot.vtp'.
[2026-07-10 14:53:04.468] [warning] Couldn't find file 'bofoot.vtp'.
[2026-07-10 14:53:04.469] [warning] Couldn't find file 'femur_l.vtp'.
[2026-07-10 14:53:04.469] [warning] Couldn't find file 'tibia_l.vtp'.
[2026-07-10 14:53:04.469] [warning] Couldn't find file 'fibula_l.vtp'.
[2026-07-10 14:53:04.469] [warning] Couldn't find file 'talus_lv.vtp'.
[2026-07-10 14:53:04.469] [warning] Couldn't find file 'l_foot.vtp'.
[2026-07-10 14:53:04.469] [warning] Couldn't find file 'l_bofoot.vtp'.
[2026-07-10 14:53:04.469] [warning] Couldn't find file 'hat_spine.vtp'.
[2026-07-10 14:53:04.470] [warning] Couldn't find file 'hat_jaw.vtp'.
[2026-07-10 14:53:04.470] [warning] Couldn't find file 'hat_skull.vtp'.
[2026-07-10 14:53:04.470] [warning] Couldn't find file 'hat_ribs_scap.vtp'.
[2026-07-10 14:59:09.147] [info] Loaded model test_AdaptedForPredSim from file C:\Users\medenaye\Documents\programs\GitHub\MSK-OC-Personalization\models\SUBJ06\SUBJ06mtu3D.osim
[2026-07-10 14:59:09.148] [warning] Couldn't find file 'sacrum.vtp'.
[2026-07-10 14:59:09.148] [warning] Couldn't find file 'pelvis.vtp'.
[2026-07-10 14:59:09.148] [warning] Couldn't find file 'l_pelvis.vtp'.
[2026-07-10 14:59:09.148] [warning] Couldn't find file 'femur_r.vtp'.
[2026-07-10 14:59:09.148] [warning] Couldn't find file 'tibia_r.vtp'.
[2026-07-10 14:59:09.148] [warning] Couldn't find file 'fibula_r.vtp'.
[2026-07-10 14:59:09.148] [warning] Couldn't find file 'talus_rv.vtp'.
[2026-07-10 14:59:09.149] [warning] Couldn't find file 'foot.vtp'.
[2026-07-10 14:59:09.149] [warning] Couldn't find file 'bofoot.vtp'.
[2026-07-10 14:59:09.149] [warning] Couldn't find file 'femur_l.vtp'.
[2026-07-10 14:59:09.149] [warning] Couldn't find file 'tibia_l.vtp'.
[2026-07-10 14:59:09.149] [warning] Couldn't find file 'fibula_l.vtp'.
[2026-07-10 14:59:09.149] [warning] Couldn't find file 'talus_lv.vtp'.
[2026-07-10 14:59:09.149] [warning] Couldn't find file 'l_foot.vtp'.
[2026-07-10 14:59:09.149] [warning] Couldn't find file 'l_bofoot.vtp'.
[2026-07-10 14:59:09.149] [warning] Couldn't find file 'hat_spine.vtp'.
[2026-07-10 14:59:09.149] [warning] Couldn't find file 'hat_jaw.vtp'.
[2026-07-10 14:59:09.149] [warning] Couldn't find file 'hat_skull.vtp'.
[2026-07-10 14:59:09.149] [warning] Couldn't find file 'hat_ribs_scap.vtp'.
[2026-07-10 14:59:15.948] [info] Loaded model test_AdaptedForPredSim from file C:\Users\medenaye\Documents\programs\GitHub\MSK-OC-Personalization\models\SUBJ06\SUBJ06opt3D.osim
[2026-07-10 14:59:15.948] [warning] Couldn't find file 'sacrum.vtp'.
[2026-07-10 14:59:15.948] [warning] Couldn't find file 'pelvis.vtp'.
[2026-07-10 14:59:15.948] [warning] Couldn't find file 'l_pelvis.vtp'.
[2026-07-10 14:59:15.948] [warning] Couldn't find file 'femur_r.vtp'.
[2026-07-10 14:59:15.949] [warning] Couldn't find file 'tibia_r.vtp'.
[2026-07-10 14:59:15.949] [warning] Couldn't find file 'fibula_r.vtp'.
[2026-07-10 14:59:15.949] [warning] Couldn't find file 'talus_rv.vtp'.
[2026-07-10 14:59:15.949] [warning] Couldn't find file 'foot.vtp'.
[2026-07-10 14:59:15.949] [warning] Couldn't find file 'bofoot.vtp'.
[2026-07-10 14:59:15.949] [warning] Couldn't find file 'femur_l.vtp'.
[2026-07-10 14:59:15.949] [warning] Couldn't find file 'tibia_l.vtp'.
[2026-07-10 14:59:15.949] [warning] Couldn't find file 'fibula_l.vtp'.
[2026-07-10 14:59:15.949] [warning] Couldn't find file 'talus_lv.vtp'.
[2026-07-10 14:59:15.949] [warning] Couldn't find file 'l_foot.vtp'.
[2026-07-10 14:59:15.950] [warning] Couldn't find file 'l_bofoot.vtp'.
[2026-07-10 14:59:15.950] [warning] Couldn't find file 'hat_spine.vtp'.
[2026-07-10 14:59:15.950] [warning] Couldn't find file 'hat_jaw.vtp'.
[2026-07-10 14:59:15.950] [warning] Couldn't find file 'hat_skull.vtp'.
[2026-07-10 14:59:15.950] [warning] Couldn't find file 'hat_ribs_scap.vtp'.
[2026-07-10 15:04:09.454] [info] Loaded model test_AdaptedForPredSim from file C:\Users\medenaye\Documents\programs\GitHub\MSK-OC-Personalization\models\SUBJ04\SUBJ04mtu3D.osim
[2026-07-10 15:04:09.455] [warning] Couldn't find file 'sacrum.vtp'.
[2026-07-10 15:04:09.455] [warning] Couldn't find file 'pelvis.vtp'.
[2026-07-10 15:04:09.455] [warning] Couldn't find file 'l_pelvis.vtp'.
[2026-07-10 15:04:09.455] [warning] Couldn't find file 'femur_r.vtp'.
[2026-07-10 15:04:09.455] [warning] Couldn't find file 'tibia_r.vtp'.
[2026-07-10 15:04:09.455] [warning] Couldn't find file 'fibula_r.vtp'.
[2026-07-10 15:04:09.455] [warning] Couldn't find file 'talus_rv.vtp'.
[2026-07-10 15:04:09.455] [warning] Couldn't find file 'foot.vtp'.
[2026-07-10 15:04:09.455] [warning] Couldn't find file 'bofoot.vtp'.
[2026-07-10 15:04:09.456] [warning] Couldn't find file 'femur_l.vtp'.
[2026-07-10 15:04:09.456] [warning] Couldn't find file 'tibia_l.vtp'.
[2026-07-10 15:04:09.456] [warning] Couldn't find file 'fibula_l.vtp'.
[2026-07-10 15:04:09.456] [warning] Couldn't find file 'talus_lv.vtp'.
[2026-07-10 15:04:09.456] [warning] Couldn't find file 'l_foot.vtp'.
[2026-07-10 15:04:09.456] [warning] Couldn't find file 'l_bofoot.vtp'.
[2026-07-10 15:04:09.456] [warning] Couldn't find file 'hat_spine.vtp'.
[2026-07-10 15:04:09.456] [warning] Couldn't find file 'hat_jaw.vtp'.
[2026-07-10 15:04:09.457] [warning] Couldn't find file 'hat_skull.vtp'.
[2026-07-10 15:04:09.457] [warning] Couldn't find file 'hat_ribs_scap.vtp'.
[2026-07-10 15:04:12.880] [info] Loaded model test_AdaptedForPredSim from file C:\Users\medenaye\Documents\programs\GitHub\MSK-OC-Personalization\models\SUBJ04\SUBJ04opt3D.osim
[2026-07-10 15:04:12.880] [warning] Couldn't find file 'sacrum.vtp'.
[2026-07-10 15:04:12.880] [warning] Couldn't find file 'pelvis.vtp'.
[2026-07-10 15:04:12.880] [warning] Couldn't find file 'l_pelvis.vtp'.
[2026-07-10 15:04:12.880] [warning] Couldn't find file 'femur_r.vtp'.
[2026-07-10 15:04:12.880] [warning] Couldn't find file 'tibia_r.vtp'.
[2026-07-10 15:04:12.881] [warning] Couldn't find file 'fibula_r.vtp'.
[2026-07-10 15:04:12.881] [warning] Couldn't find file 'talus_rv.vtp'.
[2026-07-10 15:04:12.881] [warning] Couldn't find file 'foot.vtp'.
[2026-07-10 15:04:12.881] [warning] Couldn't find file 'bofoot.vtp'.
[2026-07-10 15:04:12.881] [warning] Couldn't find file 'femur_l.vtp'.
[2026-07-10 15:04:12.881] [warning] Couldn't find file 'tibia_l.vtp'.
[2026-07-10 15:04:12.881] [warning] Couldn't find file 'fibula_l.vtp'.
[2026-07-10 15:04:12.881] [warning] Couldn't find file 'talus_lv.vtp'.
[2026-07-10 15:04:12.881] [warning] Couldn't find file 'l_foot.vtp'.
[2026-07-10 15:04:12.881] [warning] Couldn't find file 'l_bofoot.vtp'.
[2026-07-10 15:04:12.881] [warning] Couldn't find file 'hat_spine.vtp'.
[2026-07-10 15:04:12.882] [warning] Couldn't find file 'hat_jaw.vtp'.
[2026-07-10 15:04:12.882] [warning] Couldn't find file 'hat_skull.vtp'.
[2026-07-10 15:04:12.882] [warning] Couldn't find file 'hat_ribs_scap.vtp'.
[2026-07-10 15:06:38.184] [info] Loaded model test_AdaptedForPredSim from file C:\Users\medenaye\Documents\programs\GitHub\MSK-OC-Personalization\models\SUBJ07\SUBJ07mtu3D.osim
[2026-07-10 15:06:38.184] [warning] Couldn't find file 'sacrum.vtp'.
[2026-07-10 15:06:38.184] [warning] Couldn't find file 'pelvis.vtp'.
[2026-07-10 15:06:38.184] [warning] Couldn't find file 'l_pelvis.vtp'.
[2026-07-10 15:06:38.184] [warning] Couldn't find file 'femur_r.vtp'.
[2026-07-10 15:06:38.185] [warning] Couldn't find file 'tibia_r.vtp'.
[2026-07-10 15:06:38.185] [warning] Couldn't find file 'fibula_r.vtp'.
[2026-07-10 15:06:38.185] [warning] Couldn't find file 'talus_rv.vtp'.
[2026-07-10 15:06:38.185] [warning] Couldn't find file 'foot.vtp'.
[2026-07-10 15:06:38.185] [warning] Couldn't find file 'bofoot.vtp'.
[2026-07-10 15:06:38.185] [warning] Couldn't find file 'femur_l.vtp'.
[2026-07-10 15:06:38.185] [warning] Couldn't find file 'tibia_l.vtp'.
[2026-07-10 15:06:38.185] [warning] Couldn't find file 'fibula_l.vtp'.
[2026-07-10 15:06:38.186] [warning] Couldn't find file 'talus_lv.vtp'.
[2026-07-10 15:06:38.186] [warning] Couldn't find file 'l_foot.vtp'.
[2026-07-10 15:06:38.186] [warning] Couldn't find file 'l_bofoot.vtp'.
[2026-07-10 15:06:38.186] [warning] Couldn't find file 'hat_spine.vtp'.
[2026-07-10 15:06:38.186] [warning] Couldn't find file 'hat_jaw.vtp'.
[2026-07-10 15:06:38.186] [warning] Couldn't find file 'hat_skull.vtp'.
[2026-07-10 15:06:38.186] [warning] Couldn't find file 'hat_ribs_scap.vtp'.
[2026-07-10 15:06:47.636] [info] Loaded model test_AdaptedForPredSim from file C:\Users\medenaye\Documents\programs\GitHub\MSK-OC-Personalization\models\SUBJ07\SUBJ07opt3D.osim
[2026-07-10 15:06:47.637] [warning] Couldn't find file 'sacrum.vtp'.
[2026-07-10 15:06:47.637] [warning] Couldn't find file 'pelvis.vtp'.
[2026-07-10 15:06:47.637] [warning] Couldn't find file 'l_pelvis.vtp'.
[2026-07-10 15:06:47.638] [warning] Couldn't find file 'femur_r.vtp'.
[2026-07-10 15:06:47.638] [warning] Couldn't find file 'tibia_r.vtp'.
[2026-07-10 15:06:47.638] [warning] Couldn't find file 'fibula_r.vtp'.
[2026-07-10 15:06:47.638] [warning] Couldn't find file 'talus_rv.vtp'.
[2026-07-10 15:06:47.638] [warning] Couldn't find file 'foot.vtp'.
[2026-07-10 15:06:47.638] [warning] Couldn't find file 'bofoot.vtp'.
[2026-07-10 15:06:47.638] [warning] Couldn't find file 'femur_l.vtp'.
[2026-07-10 15:06:47.638] [warning] Couldn't find file 'tibia_l.vtp'.
[2026-07-10 15:06:47.638] [warning] Couldn't find file 'fibula_l.vtp'.
[2026-07-10 15:06:47.638] [warning] Couldn't find file 'talus_lv.vtp'.
[2026-07-10 15:06:47.639] [warning] Couldn't find file 'l_foot.vtp'.
[2026-07-10 15:06:47.639] [warning] Couldn't find file 'l_bofoot.vtp'.
[2026-07-10 15:06:47.639] [warning] Couldn't find file 'hat_spine.vtp'.
[2026-07-10 15:06:47.639] [warning] Couldn't find file 'hat_jaw.vtp'.
[2026-07-10 15:06:47.639] [warning] Couldn't find file 'hat_skull.vtp'.
[2026-07-10 15:06:47.639] [warning] Couldn't find file 'hat_ribs_scap.vtp'.
[2026-07-10 15:10:38.985] [info] Loaded model test_AdaptedForPredSim from file C:\Users\medenaye\Documents\programs\GitHub\MSK-OC-Personalization\models\SUBJ04\SUBJ04mtu3D.osim
[2026-07-10 15:10:38.985] [warning] Couldn't find file 'sacrum.vtp'.
[2026-07-10 15:10:38.986] [warning] Couldn't find file 'pelvis.vtp'.
[2026-07-10 15:10:38.986] [warning] Couldn't find file 'l_pelvis.vtp'.
[2026-07-10 15:10:38.986] [warning] Couldn't find file 'femur_r.vtp'.
[2026-07-10 15:10:38.986] [warning] Couldn't find file 'tibia_r.vtp'.
[2026-07-10 15:10:38.986] [warning] Couldn't find file 'fibula_r.vtp'.
[2026-07-10 15:10:38.986] [warning] Couldn't find file 'talus_rv.vtp'.
[2026-07-10 15:10:38.986] [warning] Couldn't find file 'foot.vtp'.
[2026-07-10 15:10:38.986] [warning] Couldn't find file 'bofoot.vtp'.
[2026-07-10 15:10:38.987] [warning] Couldn't find file 'femur_l.vtp'.
[2026-07-10 15:10:38.987] [warning] Couldn't find file 'tibia_l.vtp'.
[2026-07-10 15:10:38.987] [warning] Couldn't find file 'fibula_l.vtp'.
[2026-07-10 15:10:38.987] [warning] Couldn't find file 'talus_lv.vtp'.
[2026-07-10 15:10:38.987] [warning] Couldn't find file 'l_foot.vtp'.
[2026-07-10 15:10:38.987] [warning] Couldn't find file 'l_bofoot.vtp'.
[2026-07-10 15:10:38.987] [warning] Couldn't find file 'hat_spine.vtp'.
[2026-07-10 15:10:38.987] [warning] Couldn't find file 'hat_jaw.vtp'.
[2026-07-10 15:10:38.987] [warning] Couldn't find file 'hat_skull.vtp'.
[2026-07-10 15:10:38.987] [warning] Couldn't find file 'hat_ribs_scap.vtp'.
[2026-07-10 15:10:43.864] [info] Loaded model test_AdaptedForPredSim from file C:\Users\medenaye\Documents\programs\GitHub\MSK-OC-Personalization\models\SUBJ04\SUBJ04opt3D.osim
[2026-07-10 15:10:43.864] [warning] Couldn't find file 'sacrum.vtp'.
[2026-07-10 15:10:43.864] [warning] Couldn't find file 'pelvis.vtp'.
[2026-07-10 15:10:43.864] [warning] Couldn't find file 'l_pelvis.vtp'.
[2026-07-10 15:10:43.864] [warning] Couldn't find file 'femur_r.vtp'.
[2026-07-10 15:10:43.864] [warning] Couldn't find file 'tibia_r.vtp'.
[2026-07-10 15:10:43.864] [warning] Couldn't find file 'fibula_r.vtp'.
[2026-07-10 15:10:43.865] [warning] Couldn't find file 'talus_rv.vtp'.
[2026-07-10 15:10:43.865] [warning] Couldn't find file 'foot.vtp'.
[2026-07-10 15:10:43.865] [warning] Couldn't find file 'bofoot.vtp'.
[2026-07-10 15:10:43.865] [warning] Couldn't find file 'femur_l.vtp'.
[2026-07-10 15:10:43.865] [warning] Couldn't find file 'tibia_l.vtp'.
[2026-07-10 15:10:43.865] [warning] Couldn't find file 'fibula_l.vtp'.
[2026-07-10 15:10:43.865] [warning] Couldn't find file 'talus_lv.vtp'.
[2026-07-10 15:10:43.865] [warning] Couldn't find file 'l_foot.vtp'.
[2026-07-10 15:10:43.865] [warning] Couldn't find file 'l_bofoot.vtp'.
[2026-07-10 15:10:43.865] [warning] Couldn't find file 'hat_spine.vtp'.
[2026-07-10 15:10:43.866] [warning] Couldn't find file 'hat_jaw.vtp'.
[2026-07-10 15:10:43.866] [warning] Couldn't find file 'hat_skull.vtp'.
[2026-07-10 15:10:43.866] [warning] Couldn't find file 'hat_ribs_scap.vtp'.
[2026-07-10 15:13:39.725] [info] Loaded model SUBJ09mtu3D from file C:\Users\medenaye\Documents\programs\GitHub\MSK-OC-Personalization\models\SUBJ09\SUBJ09mtu3D.osim
[2026-07-10 15:13:39.725] [warning] Couldn't find file 'sacrum.vtp'.
[2026-07-10 15:13:39.725] [warning] Couldn't find file 'pelvis.vtp'.
[2026-07-10 15:13:39.725] [warning] Couldn't find file 'l_pelvis.vtp'.
[2026-07-10 15:13:39.726] [warning] Couldn't find file 'femur_r.vtp'.
[2026-07-10 15:13:39.726] [warning] Couldn't find file 'tibia_r.vtp'.
[2026-07-10 15:13:39.726] [warning] Couldn't find file 'fibula_r.vtp'.
[2026-07-10 15:13:39.726] [warning] Couldn't find file 'talus_rv.vtp'.
[2026-07-10 15:13:39.726] [warning] Couldn't find file 'foot.vtp'.
[2026-07-10 15:13:39.726] [warning] Couldn't find file 'bofoot.vtp'.
[2026-07-10 15:13:39.726] [warning] Couldn't find file 'femur_l.vtp'.
[2026-07-10 15:13:39.726] [warning] Couldn't find file 'tibia_l.vtp'.
[2026-07-10 15:13:39.726] [warning] Couldn't find file 'fibula_l.vtp'.
[2026-07-10 15:13:39.726] [warning] Couldn't find file 'talus_lv.vtp'.
[2026-07-10 15:13:39.727] [warning] Couldn't find file 'l_foot.vtp'.
[2026-07-10 15:13:39.727] [warning] Couldn't find file 'l_bofoot.vtp'.
[2026-07-10 15:13:39.727] [warning] Couldn't find file 'hat_spine.vtp'.
[2026-07-10 15:13:39.727] [warning] Couldn't find file 'hat_jaw.vtp'.
[2026-07-10 15:13:39.727] [warning] Couldn't find file 'hat_skull.vtp'.
[2026-07-10 15:13:39.727] [warning] Couldn't find file 'hat_ribs_scap.vtp'.
[2026-07-10 15:13:46.800] [info] Loaded model test_AdaptedForPredSim from file C:\Users\medenaye\Documents\programs\GitHub\MSK-OC-Personalization\models\SUBJ09\SUBJ09opt3D.osim
[2026-07-10 15:13:46.800] [warning] Couldn't find file 'sacrum.vtp'.
[2026-07-10 15:13:46.801] [warning] Couldn't find file 'pelvis.vtp'.
[2026-07-10 15:13:46.801] [warning] Couldn't find file 'l_pelvis.vtp'.
[2026-07-10 15:13:46.801] [warning] Couldn't find file 'femur_r.vtp'.
[2026-07-10 15:13:46.801] [warning] Couldn't find file 'tibia_r.vtp'.
[2026-07-10 15:13:46.801] [warning] Couldn't find file 'fibula_r.vtp'.
[2026-07-10 15:13:46.801] [warning] Couldn't find file 'talus_rv.vtp'.
[2026-07-10 15:13:46.801] [warning] Couldn't find file 'foot.vtp'.
[2026-07-10 15:13:46.801] [warning] Couldn't find file 'bofoot.vtp'.
[2026-07-10 15:13:46.801] [warning] Couldn't find file 'femur_l.vtp'.
[2026-07-10 15:13:46.801] [warning] Couldn't find file 'tibia_l.vtp'.
[2026-07-10 15:13:46.801] [warning] Couldn't find file 'fibula_l.vtp'.
[2026-07-10 15:13:46.801] [warning] Couldn't find file 'talus_lv.vtp'.
[2026-07-10 15:13:46.801] [warning] Couldn't find file 'l_foot.vtp'.
[2026-07-10 15:13:46.802] [warning] Couldn't find file 'l_bofoot.vtp'.
[2026-07-10 15:13:46.802] [warning] Couldn't find file 'hat_spine.vtp'.
[2026-07-10 15:13:46.802] [warning] Couldn't find file 'hat_jaw.vtp'.
[2026-07-10 15:13:46.802] [warning] Couldn't find file 'hat_skull.vtp'.
[2026-07-10 15:13:46.802] [warning] Couldn't find file 'hat_ribs_scap.vtp'.
[2026-07-10 15:15:34.837] [info] Loaded model SUBJ10mtu3D from file C:\Users\medenaye\Documents\programs\GitHub\MSK-OC-Personalization\models\SUBJ10\SUBJ10mtu3D.osim
[2026-07-10 15:15:34.837] [warning] Couldn't find file 'sacrum.vtp'.
[2026-07-10 15:15:34.837] [warning] Couldn't find file 'pelvis.vtp'.
[2026-07-10 15:15:34.837] [warning] Couldn't find file 'l_pelvis.vtp'.
[2026-07-10 15:15:34.837] [warning] Couldn't find file 'femur_r.vtp'.
[2026-07-10 15:15:34.837] [warning] Couldn't find file 'tibia_r.vtp'.
[2026-07-10 15:15:34.837] [warning] Couldn't find file 'fibula_r.vtp'.
[2026-07-10 15:15:34.838] [warning] Couldn't find file 'talus_rv.vtp'.
[2026-07-10 15:15:34.838] [warning] Couldn't find file 'foot.vtp'.
[2026-07-10 15:15:34.838] [warning] Couldn't find file 'bofoot.vtp'.
[2026-07-10 15:15:34.838] [warning] Couldn't find file 'femur_l.vtp'.
[2026-07-10 15:15:34.838] [warning] Couldn't find file 'tibia_l.vtp'.
[2026-07-10 15:15:34.838] [warning] Couldn't find file 'fibula_l.vtp'.
[2026-07-10 15:15:34.838] [warning] Couldn't find file 'talus_lv.vtp'.
[2026-07-10 15:15:34.838] [warning] Couldn't find file 'l_foot.vtp'.
[2026-07-10 15:15:34.838] [warning] Couldn't find file 'l_bofoot.vtp'.
[2026-07-10 15:15:34.838] [warning] Couldn't find file 'hat_spine.vtp'.
[2026-07-10 15:15:34.838] [warning] Couldn't find file 'hat_jaw.vtp'.
[2026-07-10 15:15:34.838] [warning] Couldn't find file 'hat_skull.vtp'.
[2026-07-10 15:15:34.839] [warning] Couldn't find file 'hat_ribs_scap.vtp'.
[2026-07-10 15:15:40.143] [info] Loaded model test_AdaptedForPredSim from file C:\Users\medenaye\Documents\programs\GitHub\MSK-OC-Personalization\models\SUBJ10\SUBJ10opt3D.osim
[2026-07-10 15:15:40.143] [warning] Couldn't find file 'sacrum.vtp'.
[2026-07-10 15:15:40.143] [warning] Couldn't find file 'pelvis.vtp'.
[2026-07-10 15:15:40.143] [warning] Couldn't find file 'l_pelvis.vtp'.
[2026-07-10 15:15:40.143] [warning] Couldn't find file 'femur_r.vtp'.
[2026-07-10 15:15:40.143] [warning] Couldn't find file 'tibia_r.vtp'.
[2026-07-10 15:15:40.144] [warning] Couldn't find file 'fibula_r.vtp'.
[2026-07-10 15:15:40.144] [warning] Couldn't find file 'talus_rv.vtp'.
[2026-07-10 15:15:40.144] [warning] Couldn't find file 'foot.vtp'.
[2026-07-10 15:15:40.144] [warning] Couldn't find file 'bofoot.vtp'.
[2026-07-10 15:15:40.144] [warning] Couldn't find file 'femur_l.vtp'.
[2026-07-10 15:15:40.144] [warning] Couldn't find file 'tibia_l.vtp'.
[2026-07-10 15:15:40.144] [warning] Couldn't find file 'fibula_l.vtp'.
[2026-07-10 15:15:40.144] [warning] Couldn't find file 'talus_lv.vtp'.
[2026-07-10 15:15:40.144] [warning] Couldn't find file 'l_foot.vtp'.
[2026-07-10 15:15:40.144] [warning] Couldn't find file 'l_bofoot.vtp'.
[2026-07-10 15:15:40.144] [warning] Couldn't find file 'hat_spine.vtp'.
[2026-07-10 15:15:40.145] [warning] Couldn't find file 'hat_jaw.vtp'.
[2026-07-10 15:15:40.145] [warning] Couldn't find file 'hat_skull.vtp'.
[2026-07-10 15:15:40.145] [warning] Couldn't find file 'hat_ribs_scap.vtp'.
[2026-07-10 15:17:04.986] [info] Loaded model SUBJ11mtu3D from file C:\Users\medenaye\Documents\programs\GitHub\MSK-OC-Personalization\models\SUBJ11\SUBJ11mtu3D.osim
[2026-07-10 15:17:04.986] [warning] Couldn't find file 'sacrum.vtp'.
[2026-07-10 15:17:04.986] [warning] Couldn't find file 'pelvis.vtp'.
[2026-07-10 15:17:04.986] [warning] Couldn't find file 'l_pelvis.vtp'.
[2026-07-10 15:17:04.986] [warning] Couldn't find file 'femur_r.vtp'.
[2026-07-10 15:17:04.986] [warning] Couldn't find file 'tibia_r.vtp'.
[2026-07-10 15:17:04.986] [warning] Couldn't find file 'fibula_r.vtp'.
[2026-07-10 15:17:04.987] [warning] Couldn't find file 'talus_rv.vtp'.
[2026-07-10 15:17:04.987] [warning] Couldn't find file 'foot.vtp'.
[2026-07-10 15:17:04.987] [warning] Couldn't find file 'bofoot.vtp'.
[2026-07-10 15:17:04.987] [warning] Couldn't find file 'femur_l.vtp'.
[2026-07-10 15:17:04.987] [warning] Couldn't find file 'tibia_l.vtp'.
[2026-07-10 15:17:04.987] [warning] Couldn't find file 'fibula_l.vtp'.
[2026-07-10 15:17:04.987] [warning] Couldn't find file 'talus_lv.vtp'.
[2026-07-10 15:17:04.987] [warning] Couldn't find file 'l_foot.vtp'.
[2026-07-10 15:17:04.987] [warning] Couldn't find file 'l_bofoot.vtp'.
[2026-07-10 15:17:04.987] [warning] Couldn't find file 'hat_spine.vtp'.
[2026-07-10 15:17:04.987] [warning] Couldn't find file 'hat_jaw.vtp'.
[2026-07-10 15:17:04.988] [warning] Couldn't find file 'hat_skull.vtp'.
[2026-07-10 15:17:04.988] [warning] Couldn't find file 'hat_ribs_scap.vtp'.
[2026-07-10 15:17:10.330] [info] Loaded model test_AdaptedForPredSim from file C:\Users\medenaye\Documents\programs\GitHub\MSK-OC-Personalization\models\SUBJ11\SUBJ11opt3D.osim
[2026-07-10 15:17:10.330] [warning] Couldn't find file 'sacrum.vtp'.
[2026-07-10 15:17:10.330] [warning] Couldn't find file 'pelvis.vtp'.
[2026-07-10 15:17:10.330] [warning] Couldn't find file 'l_pelvis.vtp'.
[2026-07-10 15:17:10.330] [warning] Couldn't find file 'femur_r.vtp'.
[2026-07-10 15:17:10.330] [warning] Couldn't find file 'tibia_r.vtp'.
[2026-07-10 15:17:10.330] [warning] Couldn't find file 'fibula_r.vtp'.
[2026-07-10 15:17:10.331] [warning] Couldn't find file 'talus_rv.vtp'.
[2026-07-10 15:17:10.331] [warning] Couldn't find file 'foot.vtp'.
[2026-07-10 15:17:10.331] [warning] Couldn't find file 'bofoot.vtp'.
[2026-07-10 15:17:10.331] [warning] Couldn't find file 'femur_l.vtp'.
[2026-07-10 15:17:10.331] [warning] Couldn't find file 'tibia_l.vtp'.
[2026-07-10 15:17:10.331] [warning] Couldn't find file 'fibula_l.vtp'.
[2026-07-10 15:17:10.331] [warning] Couldn't find file 'talus_lv.vtp'.
[2026-07-10 15:17:10.331] [warning] Couldn't find file 'l_foot.vtp'.
[2026-07-10 15:17:10.331] [warning] Couldn't find file 'l_bofoot.vtp'.
[2026-07-10 15:17:10.331] [warning] Couldn't find file 'hat_spine.vtp'.
[2026-07-10 15:17:10.331] [warning] Couldn't find file 'hat_jaw.vtp'.
[2026-07-10 15:17:10.332] [warning] Couldn't find file 'hat_skull.vtp'.
[2026-07-10 15:17:10.332] [warning] Couldn't find file 'hat_ribs_scap.vtp'.
[2026-07-18 12:33:05.214] [info] Loaded model test_AdaptedForPredSim from file C:\Users\medenaye\Documents\programs\GitHub\MSK-OC-Personalization\results\SUBJ06\trackKIN-compliantTendon-3D\SUBJ06mtu3D_02452315\worst\worstModel_1.osim
[2026-07-18 12:33:05.216] [warning] Couldn't find file 'sacrum.vtp'.
[2026-07-18 12:33:05.217] [warning] Couldn't find file 'pelvis.vtp'.
[2026-07-18 12:33:05.218] [warning] Couldn't find file 'l_pelvis.vtp'.
[2026-07-18 12:33:05.218] [warning] Couldn't find file 'femur_r.vtp'.
[2026-07-18 12:33:05.219] [warning] Couldn't find file 'tibia_r.vtp'.
[2026-07-18 12:33:05.219] [warning] Couldn't find file 'fibula_r.vtp'.
[2026-07-18 12:33:05.220] [warning] Couldn't find file 'talus_rv.vtp'.
[2026-07-18 12:33:05.220] [warning] Couldn't find file 'foot.vtp'.
[2026-07-18 12:33:05.220] [warning] Couldn't find file 'bofoot.vtp'.
[2026-07-18 12:33:05.221] [warning] Couldn't find file 'femur_l.vtp'.
[2026-07-18 12:33:05.221] [warning] Couldn't find file 'tibia_l.vtp'.
[2026-07-18 12:33:05.221] [warning] Couldn't find file 'fibula_l.vtp'.
[2026-07-18 12:33:05.222] [warning] Couldn't find file 'talus_lv.vtp'.
[2026-07-18 12:33:05.222] [warning] Couldn't find file 'l_foot.vtp'.
[2026-07-18 12:33:05.223] [warning] Couldn't find file 'l_bofoot.vtp'.
[2026-07-18 12:33:05.223] [warning] Couldn't find file 'hat_spine.vtp'.
[2026-07-18 12:33:05.223] [warning] Couldn't find file 'hat_jaw.vtp'.
[2026-07-18 12:33:05.224] [warning] Couldn't find file 'hat_skull.vtp'.
[2026-07-18 12:33:05.224] [warning] Couldn't find file 'hat_ribs_scap.vtp'.
[2026-07-18 12:33:16.179] [info] Loaded model test_AdaptedForPredSim from file C:\Users\medenaye\Documents\programs\GitHub\MSK-OC-Personalization\results\SUBJ06\trackKIN-compliantTendon-3D\SUBJ06mtu3D_02452315\worst\worstModel_1.osim
[2026-07-18 12:33:16.180] [warning] Couldn't find file 'sacrum.vtp'.
[2026-07-18 12:33:16.180] [warning] Couldn't find file 'pelvis.vtp'.
[2026-07-18 12:33:16.180] [warning] Couldn't find file 'l_pelvis.vtp'.
[2026-07-18 12:33:16.180] [warning] Couldn't find file 'femur_r.vtp'.
[2026-07-18 12:33:16.180] [warning] Couldn't find file 'tibia_r.vtp'.
[2026-07-18 12:33:16.180] [warning] Couldn't find file 'fibula_r.vtp'.
[2026-07-18 12:33:16.180] [warning] Couldn't find file 'talus_rv.vtp'.
[2026-07-18 12:33:16.180] [warning] Couldn't find file 'foot.vtp'.
[2026-07-18 12:33:16.180] [warning] Couldn't find file 'bofoot.vtp'.
[2026-07-18 12:33:16.180] [warning] Couldn't find file 'femur_l.vtp'.
[2026-07-18 12:33:16.180] [warning] Couldn't find file 'tibia_l.vtp'.
[2026-07-18 12:33:16.180] [warning] Couldn't find file 'fibula_l.vtp'.
[2026-07-18 12:33:16.180] [warning] Couldn't find file 'talus_lv.vtp'.
[2026-07-18 12:33:16.180] [warning] Couldn't find file 'l_foot.vtp'.
[2026-07-18 12:33:16.180] [warning] Couldn't find file 'l_bofoot.vtp'.
[2026-07-18 12:33:16.181] [warning] Couldn't find file 'hat_spine.vtp'.
[2026-07-18 12:33:16.181] [warning] Couldn't find file 'hat_jaw.vtp'.
[2026-07-18 12:33:16.181] [warning] Couldn't find file 'hat_skull.vtp'.
[2026-07-18 12:33:16.181] [warning] Couldn't find file 'hat_ribs_scap.vtp'.
[2026-07-18 12:33:51.189] [info] Loaded model test_AdaptedForPredSim from file C:\Users\medenaye\Documents\programs\GitHub\MSK-OC-Personalization\models\SUBJ06\SUBJ06mtu3D.osim
[2026-07-18 12:33:51.190] [warning] Couldn't find file 'sacrum.vtp'.
[2026-07-18 12:33:51.190] [warning] Couldn't find file 'pelvis.vtp'.
[2026-07-18 12:33:51.190] [warning] Couldn't find file 'l_pelvis.vtp'.
[2026-07-18 12:33:51.190] [warning] Couldn't find file 'femur_r.vtp'.
[2026-07-18 12:33:51.190] [warning] Couldn't find file 'tibia_r.vtp'.
[2026-07-18 12:33:51.190] [warning] Couldn't find file 'fibula_r.vtp'.
[2026-07-18 12:33:51.190] [warning] Couldn't find file 'talus_rv.vtp'.
[2026-07-18 12:33:51.190] [warning] Couldn't find file 'foot.vtp'.
[2026-07-18 12:33:51.191] [warning] Couldn't find file 'bofoot.vtp'.
[2026-07-18 12:33:51.191] [warning] Couldn't find file 'femur_l.vtp'.
[2026-07-18 12:33:51.191] [warning] Couldn't find file 'tibia_l.vtp'.
[2026-07-18 12:33:51.191] [warning] Couldn't find file 'fibula_l.vtp'.
[2026-07-18 12:33:51.191] [warning] Couldn't find file 'talus_lv.vtp'.
[2026-07-18 12:33:51.191] [warning] Couldn't find file 'l_foot.vtp'.
[2026-07-18 12:33:51.191] [warning] Couldn't find file 'l_bofoot.vtp'.
[2026-07-18 12:33:51.191] [warning] Couldn't find file 'hat_spine.vtp'.
[2026-07-18 12:33:51.191] [warning] Couldn't find file 'hat_jaw.vtp'.
[2026-07-18 12:33:51.191] [warning] Couldn't find file 'hat_skull.vtp'.
[2026-07-18 12:33:51.191] [warning] Couldn't find file 'hat_ribs_scap.vtp'.
[2026-07-18 12:35:48.492] [info] Loaded model test_AdaptedForPredSim from file C:\Users\medenaye\Documents\programs\GitHub\MSK-OC-Personalization\models\SUBJ06\SUBJ06mtu3D.osim
[2026-07-18 12:35:48.493] [warning] Couldn't find file 'sacrum.vtp'.
[2026-07-18 12:35:48.493] [warning] Couldn't find file 'pelvis.vtp'.
[2026-07-18 12:35:48.493] [warning] Couldn't find file 'l_pelvis.vtp'.
[2026-07-18 12:35:48.493] [warning] Couldn't find file 'femur_r.vtp'.
[2026-07-18 12:35:48.493] [warning] Couldn't find file 'tibia_r.vtp'.
[2026-07-18 12:35:48.493] [warning] Couldn't find file 'fibula_r.vtp'.
[2026-07-18 12:35:48.493] [warning] Couldn't find file 'talus_rv.vtp'.
[2026-07-18 12:35:48.493] [warning] Couldn't find file 'foot.vtp'.
[2026-07-18 12:35:48.493] [warning] Couldn't find file 'bofoot.vtp'.
[2026-07-18 12:35:48.494] [warning] Couldn't find file 'femur_l.vtp'.
[2026-07-18 12:35:48.494] [warning] Couldn't find file 'tibia_l.vtp'.
[2026-07-18 12:35:48.494] [warning] Couldn't find file 'fibula_l.vtp'.
[2026-07-18 12:35:48.494] [warning] Couldn't find file 'talus_lv.vtp'.
[2026-07-18 12:35:48.494] [warning] Couldn't find file 'l_foot.vtp'.
[2026-07-18 12:35:48.494] [warning] Couldn't find file 'l_bofoot.vtp'.
[2026-07-18 12:35:48.494] [warning] Couldn't find file 'hat_spine.vtp'.
[2026-07-18 12:35:48.494] [warning] Couldn't find file 'hat_jaw.vtp'.
[2026-07-18 12:35:48.494] [warning] Couldn't find file 'hat_skull.vtp'.
[2026-07-18 12:35:48.494] [warning] Couldn't find file 'hat_ribs_scap.vtp'.
[2026-07-18 12:35:52.727] [info] Loaded model test_AdaptedForPredSim from file C:\Users\medenaye\Documents\programs\GitHub\MSK-OC-Personalization\results\SUBJ06\trackKIN-compliantTendon-3D\SUBJ06mtu3D_02452315\worst\worstModel_2.osim
[2026-07-18 12:35:52.728] [warning] Couldn't find file 'sacrum.vtp'.
[2026-07-18 12:35:52.728] [warning] Couldn't find file 'pelvis.vtp'.
[2026-07-18 12:35:52.728] [warning] Couldn't find file 'l_pelvis.vtp'.
[2026-07-18 12:35:52.728] [warning] Couldn't find file 'femur_r.vtp'.
[2026-07-18 12:35:52.728] [warning] Couldn't find file 'tibia_r.vtp'.
[2026-07-18 12:35:52.728] [warning] Couldn't find file 'fibula_r.vtp'.
[2026-07-18 12:35:52.728] [warning] Couldn't find file 'talus_rv.vtp'.
[2026-07-18 12:35:52.728] [warning] Couldn't find file 'foot.vtp'.
[2026-07-18 12:35:52.728] [warning] Couldn't find file 'bofoot.vtp'.
[2026-07-18 12:35:52.728] [warning] Couldn't find file 'femur_l.vtp'.
[2026-07-18 12:35:52.728] [warning] Couldn't find file 'tibia_l.vtp'.
[2026-07-18 12:35:52.728] [warning] Couldn't find file 'fibula_l.vtp'.
[2026-07-18 12:35:52.728] [warning] Couldn't find file 'talus_lv.vtp'.
[2026-07-18 12:35:52.729] [warning] Couldn't find file 'l_foot.vtp'.
[2026-07-18 12:35:52.729] [warning] Couldn't find file 'l_bofoot.vtp'.
[2026-07-18 12:35:52.729] [warning] Couldn't find file 'hat_spine.vtp'.
[2026-07-18 12:35:52.729] [warning] Couldn't find file 'hat_jaw.vtp'.
[2026-07-18 12:35:52.729] [warning] Couldn't find file 'hat_skull.vtp'.
[2026-07-18 12:35:52.729] [warning] Couldn't find file 'hat_ribs_scap.vtp'.
[2026-07-18 14:02:48.462] [info] Loaded model test_AdaptedForPredSim from file C:\Users\medenaye\Downloads\/SUBJ06opt3D_rerun_highTol.osim
[2026-07-18 14:02:48.462] [warning] Couldn't find file 'sacrum.vtp'.
[2026-07-18 14:02:48.462] [warning] Couldn't find file 'pelvis.vtp'.
[2026-07-18 14:02:48.462] [warning] Couldn't find file 'l_pelvis.vtp'.
[2026-07-18 14:02:48.462] [warning] Couldn't find file 'femur_r.vtp'.
[2026-07-18 14:02:48.463] [warning] Couldn't find file 'tibia_r.vtp'.
[2026-07-18 14:02:48.463] [warning] Couldn't find file 'fibula_r.vtp'.
[2026-07-18 14:02:48.463] [warning] Couldn't find file 'talus_rv.vtp'.
[2026-07-18 14:02:48.463] [warning] Couldn't find file 'foot.vtp'.
[2026-07-18 14:02:48.463] [warning] Couldn't find file 'bofoot.vtp'.
[2026-07-18 14:02:48.463] [warning] Couldn't find file 'femur_l.vtp'.
[2026-07-18 14:02:48.463] [warning] Couldn't find file 'tibia_l.vtp'.
[2026-07-18 14:02:48.463] [warning] Couldn't find file 'fibula_l.vtp'.
[2026-07-18 14:02:48.463] [warning] Couldn't find file 'talus_lv.vtp'.
[2026-07-18 14:02:48.463] [warning] Couldn't find file 'l_foot.vtp'.
[2026-07-18 14:02:48.463] [warning] Couldn't find file 'l_bofoot.vtp'.
[2026-07-18 14:02:48.463] [warning] Couldn't find file 'hat_spine.vtp'.
[2026-07-18 14:02:48.463] [warning] Couldn't find file 'hat_jaw.vtp'.
[2026-07-18 14:02:48.463] [warning] Couldn't find file 'hat_skull.vtp'.
[2026-07-18 14:02:48.463] [warning] Couldn't find file 'hat_ribs_scap.vtp'.
[2026-07-18 14:02:50.386] [warning] JointSet 'jointset' has subcomponents with duplicate name 'fixed'. The duplicate is being renamed to 'fixed_0'.
[2026-07-18 14:02:50.725] [warning] JointSet 'jointset' has subcomponents with duplicate name 'fixed'. The duplicate is being renamed to 'fixed_0'.
[2026-07-18 14:02:51.019] [warning] JointSet 'jointset' has subcomponents with duplicate name 'fixed'. The duplicate is being renamed to 'fixed_0'.
[2026-07-18 14:02:51.181] [warning] JointSet 'jointset' has subcomponents with duplicate name 'fixed'. The duplicate is being renamed to 'fixed_0'.
[2026-07-18 14:02:51.342] [warning] JointSet 'jointset' has subcomponents with duplicate name 'fixed'. The duplicate is being renamed to 'fixed_0'.
[2026-07-18 15:04:39.960] [info] Loaded model test_AdaptedForPredSim from file C:\Users\medenaye\Documents\programs\GitHub\MSK-OC-Personalization\models\SUBJ06\SUBJ06mtu3D.osim
[2026-07-18 15:04:39.960] [warning] Couldn't find file 'sacrum.vtp'.
[2026-07-18 15:04:39.960] [warning] Couldn't find file 'pelvis.vtp'.
[2026-07-18 15:04:39.960] [warning] Couldn't find file 'l_pelvis.vtp'.
[2026-07-18 15:04:39.961] [warning] Couldn't find file 'femur_r.vtp'.
[2026-07-18 15:04:39.961] [warning] Couldn't find file 'tibia_r.vtp'.
[2026-07-18 15:04:39.961] [warning] Couldn't find file 'fibula_r.vtp'.
[2026-07-18 15:04:39.961] [warning] Couldn't find file 'talus_rv.vtp'.
[2026-07-18 15:04:39.961] [warning] Couldn't find file 'foot.vtp'.
[2026-07-18 15:04:39.961] [warning] Couldn't find file 'bofoot.vtp'.
[2026-07-18 15:04:39.961] [warning] Couldn't find file 'femur_l.vtp'.
[2026-07-18 15:04:39.961] [warning] Couldn't find file 'tibia_l.vtp'.
[2026-07-18 15:04:39.961] [warning] Couldn't find file 'fibula_l.vtp'.
[2026-07-18 15:04:39.961] [warning] Couldn't find file 'talus_lv.vtp'.
[2026-07-18 15:04:39.961] [warning] Couldn't find file 'l_foot.vtp'.
[2026-07-18 15:04:39.961] [warning] Couldn't find file 'l_bofoot.vtp'.
[2026-07-18 15:04:39.962] [warning] Couldn't find file 'hat_spine.vtp'.
[2026-07-18 15:04:39.962] [warning] Couldn't find file 'hat_jaw.vtp'.
[2026-07-18 15:04:39.962] [warning] Couldn't find file 'hat_skull.vtp'.
[2026-07-18 15:04:39.962] [warning] Couldn't find file 'hat_ribs_scap.vtp'.
[2026-07-18 15:04:46.060] [info] Loaded model test_AdaptedForPredSim from file C:\Users\medenaye\Documents\programs\GitHub\MSK-OC-Personalization\models\SUBJ06\SUBJ06opt3D.osim
[2026-07-18 15:04:46.060] [warning] Couldn't find file 'sacrum.vtp'.
[2026-07-18 15:04:46.060] [warning] Couldn't find file 'pelvis.vtp'.
[2026-07-18 15:04:46.060] [warning] Couldn't find file 'l_pelvis.vtp'.
[2026-07-18 15:04:46.060] [warning] Couldn't find file 'femur_r.vtp'.
[2026-07-18 15:04:46.060] [warning] Couldn't find file 'tibia_r.vtp'.
[2026-07-18 15:04:46.060] [warning] Couldn't find file 'fibula_r.vtp'.
[2026-07-18 15:04:46.061] [warning] Couldn't find file 'talus_rv.vtp'.
[2026-07-18 15:04:46.061] [warning] Couldn't find file 'foot.vtp'.
[2026-07-18 15:04:46.061] [warning] Couldn't find file 'bofoot.vtp'.
[2026-07-18 15:04:46.061] [warning] Couldn't find file 'femur_l.vtp'.
[2026-07-18 15:04:46.061] [warning] Couldn't find file 'tibia_l.vtp'.
[2026-07-18 15:04:46.061] [warning] Couldn't find file 'fibula_l.vtp'.
[2026-07-18 15:04:46.061] [warning] Couldn't find file 'talus_lv.vtp'.
[2026-07-18 15:04:46.061] [warning] Couldn't find file 'l_foot.vtp'.
[2026-07-18 15:04:46.061] [warning] Couldn't find file 'l_bofoot.vtp'.
[2026-07-18 15:04:46.061] [warning] Couldn't find file 'hat_spine.vtp'.
[2026-07-18 15:04:46.061] [warning] Couldn't find file 'hat_jaw.vtp'.
[2026-07-18 15:04:46.061] [warning] Couldn't find file 'hat_skull.vtp'.
[2026-07-18 15:04:46.061] [warning] Couldn't find file 'hat_ribs_scap.vtp'.
